state	type_with_type	type_with_density	density_with_type	density_with_density
0	1	0	0	1
10000	1	-0.705845051432044	-0.705845051432045	1
20000	1	-0.608998732228812	-0.608998732228812	1
30000	1	-0.590760997095849	-0.590760997095849	1
40000	1	-0.378746841563724	-0.378746841563724	1
50000	1	-0.536625485802156	-0.536625485802156	1
60000	1	-0.32785187669096	-0.32785187669096	1
70000	1	-0.545315972430164	-0.545315972430164	1
80000	1	-0.575309434226397	-0.575309434226396	1
90000	1	-0.77496202074459	-0.77496202074459	1
1e+05	1	-0.663420542819964	-0.663420542819964	1
110000	1	-0.475387094808587	-0.475387094808587	1
120000	1	-0.673646463228528	-0.673646463228528	1
130000	1	-0.274432489631878	-0.274432489631878	1
140000	1	-0.552709050843678	-0.552709050843678	1
150000	1	-0.647867807761693	-0.647867807761693	1
160000	1	-0.354063984529489	-0.354063984529489	1
170000	1	-0.5827766772013	-0.5827766772013	1
180000	1	-0.531647681386526	-0.531647681386526	1
190000	1	-0.635585653632953	-0.635585653632953	1
2e+05	1	-0.67723183774377	-0.677231837743771	1
210000	1	-0.610362341273452	-0.610362341273452	1
220000	1	-0.636740091979359	-0.636740091979359	1
230000	1	-0.435173236279519	-0.435173236279519	1
240000	1	-0.581622942656072	-0.581622942656072	1
250000	1	-0.418829090105484	-0.418829090105484	1
260000	1	-0.531924486534802	-0.531924486534802	1
270000	1	-0.718397386866612	-0.718397386866612	1
280000	1	-0.478347801114417	-0.478347801114417	1
290000	1	-0.675977140756829	-0.675977140756829	1
3e+05	1	-0.697072071401694	-0.697072071401694	1
310000	1	-0.784124657490854	-0.784124657490854	1
320000	1	-0.77994868984909	-0.779948689849089	1
330000	1	-0.651921523247009	-0.651921523247009	1
340000	1	-0.550026478150771	-0.550026478150771	1
350000	1	-0.746576972030376	-0.746576972030376	1
360000	1	-0.595103244140576	-0.595103244140576	1
370000	1	-0.610055842832053	-0.610055842832053	1
380000	1	-0.533254398272284	-0.533254398272284	1
390000	1	-0.577619197292479	-0.577619197292479	1
4e+05	1	-0.72779658209442	-0.72779658209442	1
410000	1	-0.635996592227926	-0.635996592227926	1
420000	1	-0.712579299541454	-0.712579299541454	1
430000	1	-0.319627878511754	-0.319627878511754	1
440000	1	-0.522696386108316	-0.522696386108316	1
450000	1	-0.514300617579013	-0.514300617579013	1
460000	1	-0.686928149920263	-0.686928149920263	1
470000	1	-0.724760414269214	-0.724760414269214	1
480000	1	-0.646359071964935	-0.646359071964935	1
490000	1	-0.307426786605709	-0.307426786605709	1
5e+05	1	-0.630783421614889	-0.630783421614888	1
510000	1	-0.676694753402605	-0.676694753402605	1
520000	1	-0.618387928121831	-0.618387928121831	1
530000	1	-0.605442690263037	-0.605442690263037	1
540000	1	-0.561902964983651	-0.561902964983651	1
550000	1	-0.741586855793996	-0.741586855793996	1
560000	1	-0.25610206571946	-0.25610206571946	1
570000	1	-0.563211030379767	-0.563211030379767	1
580000	1	-0.712548011373577	-0.712548011373577	1
590000	1	-0.634576997560057	-0.634576997560057	1
6e+05	1	-0.633736426123158	-0.633736426123158	1
610000	1	-0.631603104123492	-0.631603104123492	1
620000	1	-0.594190365624842	-0.594190365624842	1
630000	1	-0.544290502721092	-0.544290502721092	1
640000	1	-0.677006341060506	-0.677006341060506	1
650000	1	-0.600059147364881	-0.600059147364881	1
660000	1	-0.477044516554573	-0.477044516554573	1
670000	1	-0.59065996324671	-0.59065996324671	1
680000	1	-0.618356745177077	-0.618356745177077	1
690000	1	-0.61979329608233	-0.61979329608233	1
7e+05	1	-0.710208495095239	-0.710208495095239	1
710000	1	-0.355936669257125	-0.355936669257125	1
720000	1	-0.582079155414759	-0.582079155414759	1
730000	1	-0.706375946541114	-0.706375946541114	1
740000	1	-0.597147656478308	-0.597147656478308	1
750000	1	-0.660634071230958	-0.660634071230958	1
760000	1	-0.274815890298818	-0.274815890298818	1
770000	1	-0.70256026780451	-0.70256026780451	1
780000	1	-0.565616681361764	-0.565616681361764	1
790000	1	-0.507384140675287	-0.507384140675287	1
8e+05	1	-0.702721964331884	-0.702721964331884	1
810000	1	-0.742354215571487	-0.742354215571487	1
820000	1	-0.569366961048549	-0.569366961048549	1
830000	1	-0.46920615685412	-0.46920615685412	1
840000	1	-0.465063163333805	-0.465063163333805	1
850000	1	-0.638379820159728	-0.638379820159729	1
860000	1	-0.658508237122251	-0.658508237122251	1
870000	1	-0.277581286476344	-0.277581286476344	1
880000	1	-0.609845459599515	-0.609845459599515	1
890000	1	-0.389507779658886	-0.389507779658886	1
9e+05	1	-0.585045299420035	-0.585045299420035	1
910000	1	-0.415921116527303	-0.415921116527303	1
920000	1	-0.634526876466854	-0.634526876466854	1
930000	1	-0.625431904557066	-0.625431904557066	1
940000	1	-0.689655017508677	-0.689655017508677	1
950000	1	-0.295789846294708	-0.295789846294708	1
960000	1	-0.505471220127778	-0.505471220127778	1
970000	1	-0.56309338039407	-0.56309338039407	1
980000	1	-0.426070448181452	-0.426070448181452	1
990000	1	-0.68979412876765	-0.68979412876765	1
1e+06	1	-0.527724095777754	-0.527724095777754	1
1010000	1	-0.452723662045194	-0.452723662045194	1
1020000	1	-0.65826348208666	-0.65826348208666	1
1030000	1	-0.711225138182909	-0.711225138182909	1
1040000	1	-0.543879366409745	-0.543879366409745	1
1050000	1	-0.544905738494451	-0.544905738494451	1
1060000	1	-0.465495200841313	-0.465495200841313	1
1070000	1	-0.518350087763243	-0.518350087763243	1
1080000	1	-0.617450239088761	-0.617450239088761	1
1090000	1	-0.742430082074782	-0.742430082074782	1
1100000	1	-0.52764562055645	-0.52764562055645	1
1110000	1	-0.415606617656263	-0.415606617656263	1
1120000	1	-0.591852071952874	-0.591852071952874	1
1130000	1	-0.651863186498773	-0.651863186498773	1
1140000	1	-0.476016338658497	-0.476016338658497	1
1150000	1	-0.718351923410198	-0.718351923410198	1
1160000	1	-0.743341614884266	-0.743341614884266	1
1170000	1	-0.78067663508517	-0.78067663508517	1
1180000	1	-0.700981029187423	-0.700981029187423	1
1190000	1	-0.540404745783348	-0.540404745783348	1
1200000	1	-0.625042139788706	-0.625042139788706	1
1210000	1	-0.727458204201248	-0.727458204201248	1
1220000	1	-0.589710428007665	-0.589710428007665	1
1230000	1	-0.663801070274661	-0.663801070274661	1
1240000	1	-0.588850268070332	-0.588850268070332	1
1250000	1	-0.717775532063052	-0.717775532063053	1
1260000	1	-0.766731366163927	-0.766731366163927	1
1270000	1	-0.776199294197176	-0.776199294197176	1
1280000	1	-0.463297136107776	-0.463297136107777	1
1290000	1	-0.687108510023122	-0.687108510023122	1
1300000	1	-0.42873725845458	-0.42873725845458	1
1310000	1	-0.617536856924537	-0.617536856924537	1
1320000	1	-0.690987709887313	-0.690987709887313	1
1330000	1	-0.594200509450053	-0.594200509450053	1
1340000	1	-0.492298904070094	-0.492298904070094	1
1350000	1	-0.580875138365947	-0.580875138365947	1
1360000	1	-0.681761303903787	-0.681761303903787	1
1370000	1	-0.435155055649055	-0.435155055649055	1
1380000	1	-0.754209256899587	-0.754209256899587	1
1390000	1	-0.445004721266074	-0.445004721266074	1
1400000	1	-0.505221621681723	-0.505221621681723	1
1410000	1	-0.652818681206583	-0.652818681206583	1
1420000	1	-0.657745240550974	-0.657745240550974	1
1430000	1	-0.654833067865516	-0.654833067865516	1
1440000	1	-0.699066878131589	-0.699066878131589	1
1450000	1	-0.354561698291639	-0.354561698291639	1
1460000	1	-0.665254645610747	-0.665254645610747	1
1470000	1	-0.613615456622485	-0.613615456622485	1
1480000	1	-0.717763371631422	-0.717763371631422	1
1490000	1	-0.238527383861571	-0.238527383861571	1
1500000	1	-0.386951793431888	-0.386951793431888	1
1510000	1	-0.610895552126886	-0.610895552126886	1
1520000	1	-0.559648934881696	-0.559648934881696	1
1530000	1	-0.700158435471472	-0.700158435471472	1
1540000	1	-0.572364407569279	-0.572364407569279	1
1550000	1	-0.666099924428252	-0.666099924428252	1
1560000	1	-0.643058488084727	-0.643058488084727	1
1570000	1	-0.613523360511813	-0.613523360511813	1
1580000	1	-0.678896221492453	-0.678896221492453	1
1590000	1	-0.423841542283527	-0.423841542283527	1
1600000	1	-0.612183591011034	-0.612183591011034	1
1610000	1	-0.551898972794952	-0.551898972794952	1
1620000	1	-0.563064077372234	-0.563064077372234	1
1630000	1	-0.708687797932277	-0.708687797932277	1
1640000	1	-0.560186941022649	-0.560186941022649	1
1650000	1	-0.656768878238198	-0.656768878238198	1
1660000	1	-0.490016126522306	-0.490016126522306	1
1670000	1	-0.695462480832616	-0.695462480832616	1
1680000	1	-0.558346365626793	-0.558346365626793	1
1690000	1	-0.594092339964423	-0.594092339964423	1
1700000	1	-0.635613294176673	-0.635613294176673	1
1710000	1	-0.682315369975514	-0.682315369975514	1
1720000	1	-0.63846070958123	-0.63846070958123	1
1730000	1	-0.606860349561014	-0.606860349561014	1
1740000	1	-0.698507682178966	-0.698507682178966	1
1750000	1	-0.703213153359255	-0.703213153359255	1
1760000	1	-0.5485637835574	-0.5485637835574	1
1770000	1	-0.715462169658215	-0.715462169658215	1
1780000	1	-0.501490299919557	-0.501490299919557	1
1790000	1	-0.516087385243142	-0.516087385243143	1
1800000	1	-0.454948504041085	-0.454948504041085	1
1810000	1	-0.51140339744213	-0.511403397442131	1
1820000	1	-0.720624874998721	-0.720624874998721	1
1830000	1	-0.470049253986133	-0.470049253986133	1
1840000	1	-0.57044242602728	-0.57044242602728	1
1850000	1	-0.51301991057142	-0.51301991057142	1
1860000	1	-0.575646341596	-0.575646341596	1
1870000	1	-0.6287525536375	-0.6287525536375	1
1880000	1	-0.633368045551817	-0.633368045551817	1
1890000	1	-0.657599499435263	-0.657599499435263	1
1900000	1	-0.62719288125519	-0.62719288125519	1
1910000	1	-0.389936455136006	-0.389936455136006	1
1920000	1	-0.580733786106022	-0.580733786106022	1
1930000	1	-0.626968069664994	-0.626968069664994	1
1940000	1	-0.626681632889528	-0.626681632889528	1
1950000	1	-0.608048017831756	-0.608048017831756	1
1960000	1	-0.668944902925434	-0.668944902925434	1
1970000	1	-0.476679048352619	-0.476679048352619	1
1980000	1	-0.0759953692376714	-0.0759953692376714	1
1990000	1	-0.494092647049094	-0.494092647049094	1
2e+06	1	-0.654532900942241	-0.654532900942241	1
2010000	1	-0.628956299728328	-0.628956299728328	1
2020000	1	-0.682462301152865	-0.682462301152865	1
2030000	1	-0.520989098053668	-0.520989098053668	1
2040000	1	-0.358918112935494	-0.358918112935494	1
2050000	1	-0.478094943558741	-0.478094943558741	1
2060000	1	-0.281172598690251	-0.281172598690251	1
2070000	1	-0.599026954034822	-0.599026954034821	1
2080000	1	-0.582419237565116	-0.582419237565116	1
2090000	1	-0.656651260572107	-0.656651260572107	1
2100000	1	-0.589533561038183	-0.589533561038183	1
2110000	1	-0.637759215579577	-0.637759215579577	1
2120000	1	-0.6852751443432	-0.6852751443432	1
2130000	1	-0.476985477098574	-0.476985477098574	1
2140000	1	-0.610385861149004	-0.610385861149004	1
2150000	1	-0.454400991612407	-0.454400991612407	1
2160000	1	-0.626175612135056	-0.626175612135056	1
2170000	1	-0.522243235904053	-0.522243235904053	1
2180000	1	-0.443362899801946	-0.443362899801946	1
2190000	1	-0.696710273311979	-0.696710273311979	1
2200000	1	-0.490707359466088	-0.490707359466088	1
2210000	1	-0.546000721857489	-0.546000721857489	1
2220000	1	-0.682783929802533	-0.682783929802533	1
2230000	1	-0.57535572566411	-0.57535572566411	1
2240000	1	-0.74297929001924	-0.74297929001924	1
2250000	1	-0.690405879621865	-0.690405879621865	1
2260000	1	-0.683375581440545	-0.683375581440545	1
2270000	1	-0.777126001117073	-0.777126001117073	1
2280000	1	-0.440385612292785	-0.440385612292784	1
2290000	1	-0.559489753729602	-0.559489753729602	1
2300000	1	-0.475329063320493	-0.475329063320493	1
2310000	1	-0.602193280046438	-0.602193280046438	1
2320000	1	-0.712706137802372	-0.712706137802372	1
2330000	1	-0.592497834734394	-0.592497834734394	1
2340000	1	-0.581445068665193	-0.581445068665193	1
2350000	1	-0.687117300009233	-0.687117300009233	1
2360000	1	-0.468611537665459	-0.468611537665459	1
2370000	1	-0.616354563399053	-0.616354563399053	1
2380000	1	-0.561663527852147	-0.561663527852147	1
2390000	1	-0.361541157159643	-0.361541157159643	1
2400000	1	-0.617388807914473	-0.617388807914473	1
2410000	1	-0.709598213198	-0.709598213198	1
2420000	1	-0.486500149275719	-0.486500149275719	1
2430000	1	-0.63351286525314	-0.63351286525314	1
2440000	1	-0.836179298298335	-0.836179298298335	1
2450000	1	-0.588001721889369	-0.588001721889369	1
2460000	1	-0.473393250166379	-0.473393250166379	1
2470000	1	-0.56220962432744	-0.56220962432744	1
2480000	1	-0.623515812098173	-0.623515812098173	1
2490000	1	-0.648423260402104	-0.648423260402104	1
2500000	1	-0.525825920135026	-0.525825920135026	1
2510000	1	-0.390386221066138	-0.390386221066138	1
2520000	1	-0.536700292957729	-0.53670029295773	1
2530000	1	-0.385264760411632	-0.385264760411632	1
2540000	1	-0.559929822599762	-0.559929822599762	1
2550000	1	-0.611652494098484	-0.611652494098484	1
2560000	1	-0.456149920613783	-0.456149920613783	1
2570000	1	-0.507859833387764	-0.507859833387764	1
2580000	1	-0.541922910028534	-0.541922910028534	1
2590000	1	-0.672472143014669	-0.672472143014669	1
2600000	1	-0.582841269020676	-0.582841269020676	1
2610000	1	-0.488181989847666	-0.488181989847666	1
2620000	1	-0.60895706566723	-0.60895706566723	1
2630000	1	-0.673754918463405	-0.673754918463405	1
2640000	1	-0.586186150259738	-0.586186150259738	1
2650000	1	-0.419878174266154	-0.419878174266154	1
2660000	1	-0.486838511967295	-0.486838511967295	1
2670000	1	-0.570051266036514	-0.570051266036514	1
2680000	1	-0.564472366414059	-0.564472366414059	1
2690000	1	-0.657836046882583	-0.657836046882583	1
2700000	1	-0.509700637739513	-0.509700637739513	1
2710000	1	-0.599008345826838	-0.599008345826838	1
2720000	1	-0.639189526632893	-0.639189526632893	1
2730000	1	-0.711662793169745	-0.711662793169745	1
2740000	1	-0.706746046599392	-0.706746046599392	1
2750000	1	-0.635053428764943	-0.635053428764943	1
2760000	1	-0.661724337457551	-0.661724337457551	1
2770000	1	-0.661703007712993	-0.661703007712993	1
2780000	1	-0.57297934882564	-0.57297934882564	1
2790000	1	-0.757371025007869	-0.757371025007869	1
2800000	1	-0.668847465908609	-0.668847465908609	1
2810000	1	-0.699929773969533	-0.699929773969533	1
2820000	1	-0.601134907257151	-0.601134907257151	1
2830000	1	-0.306364629652923	-0.306364629652923	1
2840000	1	-0.623443714254749	-0.623443714254749	1
2850000	1	-0.569461139819838	-0.569461139819838	1
2860000	1	-0.692795454200193	-0.692795454200193	1
2870000	1	-0.565913364175225	-0.565913364175225	1
2880000	1	-0.562067908792557	-0.562067908792557	1
2890000	1	-0.799247469906093	-0.799247469906093	1
2900000	1	-0.576165661384432	-0.576165661384432	1
2910000	1	-0.633019954089415	-0.633019954089415	1
2920000	1	-0.611922871193622	-0.611922871193622	1
2930000	1	-0.756311837448579	-0.756311837448579	1
2940000	1	-0.710212886318525	-0.710212886318525	1
2950000	1	-0.446260234097823	-0.446260234097823	1
2960000	1	-0.695259240993872	-0.695259240993872	1
2970000	1	-0.645776821064921	-0.645776821064921	1
2980000	1	-0.613042544432353	-0.613042544432353	1
2990000	1	-0.518407549103877	-0.518407549103877	1
3e+06	1	-0.621026031225822	-0.621026031225822	1
3010000	1	-0.450648131332363	-0.450648131332363	1
3020000	1	-0.519825846093971	-0.519825846093971	1
3030000	1	-0.353318265434143	-0.353318265434143	1
3040000	1	-0.392557285835661	-0.392557285835661	1
3050000	1	-0.602035422898535	-0.602035422898535	1
3060000	1	-0.681051986445459	-0.681051986445459	1
3070000	1	-0.56727521501576	-0.56727521501576	1
3080000	1	-0.543673037078216	-0.543673037078216	1
3090000	1	-0.396862905779692	-0.396862905779692	1
3100000	1	-0.555339216624372	-0.555339216624372	1
3110000	1	-0.739748572596924	-0.739748572596924	1
3120000	1	-0.817356705680242	-0.817356705680242	1
3130000	1	-0.74078489090763	-0.74078489090763	1
3140000	1	-0.468825294184394	-0.468825294184394	1
3150000	1	-0.697407364508962	-0.697407364508962	1
3160000	1	-0.724024851287014	-0.724024851287014	1
3170000	1	-0.719988660347667	-0.719988660347667	1
3180000	1	-0.494638663628859	-0.494638663628859	1
3190000	1	-0.574012326102449	-0.574012326102449	1
3200000	1	-0.681308281321441	-0.681308281321441	1
3210000	1	-0.694275200096118	-0.694275200096118	1
3220000	1	-0.561265564769725	-0.561265564769726	1
3230000	1	-0.534689188185973	-0.534689188185973	1
3240000	1	-0.624580931059336	-0.624580931059336	1
3250000	1	-0.0151135047156296	-0.0151135047156296	1
3260000	1	-0.737587550579625	-0.737587550579625	1
3270000	1	-0.434379842882474	-0.434379842882474	1
3280000	1	-0.683484929297487	-0.683484929297487	1
3290000	1	-0.452887029669042	-0.452887029669042	1
3300000	1	-0.790173383404669	-0.790173383404669	1
3310000	1	-0.450482295682631	-0.450482295682631	1
3320000	1	-0.747711286880623	-0.747711286880623	1
3330000	1	-0.241491079329373	-0.241491079329373	1
3340000	1	-0.618619643649303	-0.618619643649303	1
3350000	1	-0.682071982718853	-0.682071982718853	1
3360000	1	-0.615416261185892	-0.615416261185892	1
3370000	1	-0.70441474716567	-0.70441474716567	1
3380000	1	-0.520759579049686	-0.520759579049687	1
3390000	1	-0.540847823985535	-0.540847823985535	1
3400000	1	-0.689210556384058	-0.689210556384058	1
3410000	1	-0.6337445208187	-0.6337445208187	1
3420000	1	-0.668916475075003	-0.668916475075003	1
3430000	1	-0.547459154781948	-0.547459154781948	1
3440000	1	-0.666431969034111	-0.666431969034111	1
3450000	1	-0.552625491280184	-0.552625491280185	1
3460000	1	-0.465492448306122	-0.465492448306122	1
3470000	1	-0.590488850423156	-0.590488850423156	1
3480000	1	-0.601140027001785	-0.601140027001785	1
3490000	1	-0.654201558108834	-0.654201558108834	1
3500000	1	-0.730450862795048	-0.730450862795048	1
3510000	1	-0.530588727470306	-0.530588727470306	1
3520000	1	-0.383316025854363	-0.383316025854363	1
3530000	1	-0.503280665462298	-0.503280665462298	1
3540000	1	-0.669878731832033	-0.669878731832033	1
3550000	1	-0.556098164318548	-0.556098164318548	1
3560000	1	-0.805859403894398	-0.805859403894398	1
3570000	1	-0.716380877205944	-0.716380877205944	1
3580000	1	-0.58717871198974	-0.58717871198974	1
3590000	1	-0.635989213686658	-0.635989213686658	1
3600000	1	-0.444318177937008	-0.444318177937008	1
3610000	1	-0.57120894991946	-0.57120894991946	1
3620000	1	-0.365133620798808	-0.365133620798808	1
3630000	1	-0.662058208326272	-0.662058208326272	1
3640000	1	-0.242052668546621	-0.242052668546621	1
3650000	1	-0.676039747627462	-0.676039747627461	1
3660000	1	-0.620837271934685	-0.620837271934686	1
3670000	1	-0.667160796496419	-0.667160796496419	1
3680000	1	-0.375845827248251	-0.375845827248251	1
3690000	1	-0.752464706173289	-0.752464706173289	1
3700000	1	-0.68580469076692	-0.68580469076692	1
3710000	1	-0.5629151583775	-0.5629151583775	1
3720000	1	-0.67839974298292	-0.67839974298292	1
3730000	1	-0.572835743099617	-0.572835743099617	1
3740000	1	-0.504626793120414	-0.504626793120414	1
3750000	1	-0.256110767747738	-0.256110767747738	1
3760000	1	-0.703360956706747	-0.703360956706747	1
3770000	1	-0.686921745644417	-0.686921745644417	1
3780000	1	-0.755683566827566	-0.755683566827566	1
3790000	1	-0.310337658153224	-0.310337658153224	1
3800000	1	-0.764296875694007	-0.764296875694007	1
3810000	1	-0.444202314989166	-0.444202314989167	1
3820000	1	-0.436760688316941	-0.436760688316941	1
3830000	1	-0.695264458916797	-0.695264458916797	1
3840000	1	-0.562519974619942	-0.562519974619942	1
3850000	1	-0.730783278380707	-0.730783278380707	1
3860000	1	-0.665473028322162	-0.665473028322162	1
3870000	1	-0.622755012361302	-0.622755012361302	1
3880000	1	-0.493936320614655	-0.493936320614656	1
3890000	1	-0.585606165961977	-0.585606165961977	1
3900000	1	-0.693602145506359	-0.693602145506359	1
3910000	1	-0.795307339359969	-0.795307339359969	1
3920000	1	-0.545796682953294	-0.545796682953294	1
3930000	1	-0.628852312920504	-0.628852312920504	1
3940000	1	-0.477530928998726	-0.477530928998726	1
3950000	1	-0.788292510170515	-0.788292510170515	1
3960000	1	-0.538627460843234	-0.538627460843234	1
3970000	1	-0.202668210761354	-0.202668210761354	1
3980000	1	-0.685573972283411	-0.685573972283411	1
3990000	1	-0.573352799220294	-0.573352799220293	1
4e+06	1	-0.386512997048644	-0.386512997048644	1
4010000	1	-0.280881934937557	-0.280881934937557	1
4020000	1	-0.561241737839937	-0.561241737839937	1
4030000	1	-0.600249895259565	-0.600249895259565	1
4040000	1	-0.474318482749557	-0.474318482749557	1
4050000	1	-0.677525573081948	-0.677525573081948	1
4060000	1	-0.65533494142391	-0.65533494142391	1
4070000	1	-0.456955036756202	-0.456955036756202	1
4080000	1	-0.594467500470492	-0.594467500470492	1
4090000	1	-0.523494715726556	-0.523494715726556	1
4100000	1	-0.80223007529521	-0.80223007529521	1
4110000	1	-0.702171036718172	-0.702171036718172	1
4120000	1	-0.692876766864452	-0.692876766864452	1
4130000	1	-0.673356278222933	-0.673356278222933	1
4140000	1	-0.682138168312148	-0.682138168312148	1
4150000	1	-0.609623435388133	-0.609623435388133	1
4160000	1	-0.759864056721395	-0.759864056721395	1
4170000	1	-0.549895365614382	-0.549895365614382	1
4180000	1	-0.680972852655217	-0.680972852655217	1
4190000	1	-0.755416134070243	-0.755416134070243	1
4200000	1	-0.536775016513131	-0.536775016513131	1
4210000	1	-0.53047734439336	-0.53047734439336	1
4220000	1	-0.721955177295766	-0.721955177295766	1
4230000	1	-0.374382058207539	-0.374382058207539	1
4240000	1	-0.6045179270753	-0.6045179270753	1
4250000	1	-0.717915046666075	-0.717915046666075	1
4260000	1	-0.469780480865129	-0.469780480865129	1
4270000	1	-0.522928572105134	-0.522928572105134	1
4280000	1	-0.314198506476278	-0.314198506476278	1
4290000	1	-0.498328106437757	-0.498328106437757	1
4300000	1	-0.665618575250585	-0.665618575250585	1
4310000	1	-0.506490597595628	-0.506490597595628	1
4320000	1	-0.526444326054367	-0.526444326054368	1
4330000	1	-0.454868385455433	-0.454868385455433	1
4340000	1	-0.53072728296743	-0.53072728296743	1
4350000	1	-0.530450986267753	-0.530450986267753	1
4360000	1	-0.575879038289877	-0.575879038289877	1
4370000	1	-0.329130548041077	-0.329130548041077	1
4380000	1	-0.242764085772698	-0.242764085772698	1
4390000	1	-0.611802844494528	-0.611802844494528	1
4400000	1	-0.395643484564964	-0.395643484564964	1
4410000	1	-0.6698231513773	-0.6698231513773	1
4420000	1	-0.582855800797623	-0.582855800797623	1
4430000	1	-0.627968662668698	-0.627968662668698	1
4440000	1	-0.613057803816494	-0.613057803816494	1
4450000	1	-0.576153553974016	-0.576153553974016	1
4460000	1	-0.392404692863996	-0.392404692863997	1
4470000	1	-0.362681805674852	-0.362681805674852	1
4480000	1	-0.481696348885324	-0.481696348885324	1
4490000	1	-0.771145235039738	-0.771145235039738	1
4500000	1	-0.496721207455767	-0.496721207455767	1
4510000	1	-0.728537957922755	-0.728537957922755	1
4520000	1	-0.61054425656454	-0.61054425656454	1
4530000	1	-0.608528674482534	-0.608528674482534	1
4540000	1	-0.706311622879581	-0.706311622879581	1
4550000	1	-0.638200108327313	-0.638200108327313	1
4560000	1	-0.569173545058569	-0.569173545058569	1
4570000	1	-0.547380138728787	-0.547380138728787	1
4580000	1	-0.630657492288277	-0.630657492288277	1
4590000	1	-0.585217833450271	-0.585217833450271	1
4600000	1	-0.691620306039923	-0.691620306039923	1
4610000	1	-0.68703043810214	-0.68703043810214	1
4620000	1	-0.687132232992249	-0.687132232992249	1
4630000	1	-0.666219837677623	-0.666219837677623	1
4640000	1	-0.610068896919218	-0.610068896919218	1
4650000	1	-0.471264421558382	-0.471264421558382	1
4660000	1	-0.753271344741753	-0.753271344741753	1
4670000	1	-0.636309885669712	-0.636309885669712	1
4680000	1	-0.70313521655473	-0.70313521655473	1
4690000	1	-0.522758056901819	-0.522758056901819	1
4700000	1	-0.775127948017327	-0.775127948017327	1
4710000	1	-0.56146160195759	-0.56146160195759	1
4720000	1	-0.741381160466851	-0.741381160466851	1
4730000	1	-0.661680882843253	-0.661680882843253	1
4740000	1	-0.677618000061706	-0.677618000061706	1
4750000	1	-0.513678712604754	-0.513678712604754	1
4760000	1	-0.613256109510084	-0.613256109510084	1
4770000	1	-0.698750214992873	-0.698750214992873	1
4780000	1	-0.763199675980414	-0.763199675980414	1
4790000	1	-0.79812037638747	-0.79812037638747	1
4800000	1	-0.531978630288297	-0.531978630288297	1
4810000	1	-0.704521245236268	-0.704521245236268	1
4820000	1	-0.675455943117355	-0.675455943117356	1
4830000	1	-0.599972948635363	-0.599972948635363	1
4840000	1	-0.513442896548214	-0.513442896548214	1
4850000	1	-0.50501472770694	-0.50501472770694	1
4860000	1	-0.626826594969284	-0.626826594969284	1
4870000	1	-0.62333313828598	-0.62333313828598	1
4880000	1	-0.704112107835745	-0.704112107835745	1
4890000	1	-0.591836867829088	-0.591836867829088	1
4900000	1	-0.746707864721134	-0.746707864721134	1
4910000	1	-0.380825194228549	-0.380825194228549	1
4920000	1	-0.688390117017803	-0.688390117017803	1
4930000	1	-0.60675826476404	-0.60675826476404	1
4940000	1	-0.70007291347297	-0.70007291347297	1
4950000	1	-0.519199765860932	-0.519199765860932	1
4960000	1	-0.637513094391516	-0.637513094391516	1
4970000	1	-0.728703802742714	-0.728703802742714	1
4980000	1	-0.744669368342197	-0.744669368342197	1
4990000	1	-0.650276435922899	-0.650276435922899	1
5e+06	1	-0.578492980572461	-0.578492980572461	1
5010000	1	-0.472642357529571	-0.472642357529571	1
5020000	1	-0.596847323351115	-0.596847323351115	1
5030000	1	-0.681787225800043	-0.681787225800043	1
5040000	1	-0.689955286127291	-0.689955286127291	1
5050000	1	-0.670334169699933	-0.670334169699933	1
5060000	1	-0.415438035426606	-0.415438035426606	1
5070000	1	-0.60067831611493	-0.60067831611493	1
5080000	1	-0.624242050223454	-0.624242050223454	1
5090000	1	-0.444694361067636	-0.444694361067636	1
5100000	1	-0.810564651759266	-0.810564651759266	1
5110000	1	-0.3283054323018	-0.3283054323018	1
5120000	1	-0.457227128150976	-0.457227128150976	1
5130000	1	-0.530489543151798	-0.530489543151798	1
5140000	1	-0.318230795569474	-0.318230795569474	1
5150000	1	-0.568603579017324	-0.568603579017324	1
5160000	1	-0.53322924035136	-0.53322924035136	1
5170000	1	-0.703168008992866	-0.703168008992866	1
5180000	1	-0.499536764747119	-0.499536764747119	1
5190000	1	-0.60842504385497	-0.60842504385497	1
5200000	1	-0.694108300912428	-0.694108300912428	1
5210000	1	-0.564878725792315	-0.564878725792315	1
5220000	1	-0.626252587004698	-0.626252587004699	1
5230000	1	-0.590240865799876	-0.590240865799876	1
5240000	1	-0.626537358084885	-0.626537358084885	1
5250000	1	-0.738062585302694	-0.738062585302694	1
5260000	1	-0.628299418888077	-0.628299418888077	1
5270000	1	-0.759792626211439	-0.759792626211439	1
5280000	1	-0.661219866713861	-0.661219866713861	1
5290000	1	-0.627268490370004	-0.627268490370004	1
5300000	1	-0.666754943832131	-0.666754943832131	1
5310000	1	-0.611144622246473	-0.611144622246473	1
5320000	1	-0.614046699643455	-0.614046699643455	1
5330000	1	-0.565435032472749	-0.565435032472749	1
5340000	1	-0.617781543467699	-0.617781543467699	1
5350000	1	-0.671963024055815	-0.671963024055815	1
5360000	1	-0.71573527848286	-0.71573527848286	1
5370000	1	-0.61797804867835	-0.61797804867835	1
5380000	1	-0.704274596031964	-0.704274596031964	1
5390000	1	-0.451287390714103	-0.451287390714103	1
5400000	1	-0.525639509941937	-0.525639509941937	1
5410000	1	-0.43684698766675	-0.43684698766675	1
5420000	1	-0.242573566846406	-0.242573566846406	1
5430000	1	-0.554838671043119	-0.554838671043119	1
5440000	1	-0.60649530219108	-0.60649530219108	1
5450000	1	-0.63899094053602	-0.63899094053602	1
5460000	1	-0.355882206750288	-0.355882206750288	1
5470000	1	-0.48327830375204	-0.48327830375204	1
5480000	1	-0.718569213540783	-0.718569213540783	1
5490000	1	-0.722350597663589	-0.722350597663589	1
5500000	1	-0.588879240951118	-0.588879240951118	1
5510000	1	-0.65309993234328	-0.65309993234328	1
5520000	1	-0.657355602522478	-0.657355602522478	1
5530000	1	-0.690927283870002	-0.690927283870002	1
5540000	1	-0.639294805871985	-0.639294805871985	1
5550000	1	-0.560385965562605	-0.560385965562605	1
5560000	1	-0.728025693268573	-0.728025693268573	1
5570000	1	-0.503056523653408	-0.503056523653408	1
5580000	1	-0.384676098120782	-0.384676098120782	1
5590000	1	-0.543129723145362	-0.543129723145362	1
5600000	1	-0.529848235020923	-0.529848235020923	1
5610000	1	-0.509913668775069	-0.509913668775069	1
5620000	1	-0.712565744219686	-0.712565744219686	1
5630000	1	-0.69820621851177	-0.69820621851177	1
5640000	1	-0.608219027257683	-0.608219027257683	1
5650000	1	-0.594881814290586	-0.594881814290586	1
5660000	1	-0.572939697397334	-0.572939697397334	1
5670000	1	-0.57034186387017	-0.57034186387017	1
5680000	1	-0.70058665438993	-0.70058665438993	1
5690000	1	-0.636411434955952	-0.636411434955951	1
5700000	1	-0.528166854593885	-0.528166854593885	1
5710000	1	-0.727580985230174	-0.727580985230174	1
5720000	1	-0.704498327014494	-0.704498327014494	1
5730000	1	-0.511506557544801	-0.511506557544801	1
5740000	1	-0.517728141288719	-0.517728141288719	1
5750000	1	-0.348601339308642	-0.348601339308642	1
5760000	1	-0.307242359736402	-0.307242359736402	1
5770000	1	-0.744373798674385	-0.744373798674385	1
5780000	1	-0.521517673011436	-0.521517673011436	1
5790000	1	-0.687326922060013	-0.687326922060013	1
5800000	1	-0.589324859513762	-0.589324859513762	1
5810000	1	-0.667995728920196	-0.667995728920196	1
5820000	1	-0.313036353167824	-0.313036353167824	1
5830000	1	-0.556738153313354	-0.556738153313354	1
5840000	1	-0.590746779545815	-0.590746779545815	1
5850000	1	-0.551106927116633	-0.551106927116633	1
5860000	1	-0.598016481060681	-0.598016481060681	1
5870000	1	-0.606153090495794	-0.606153090495794	1
5880000	1	-0.663239661161299	-0.663239661161299	1
5890000	1	-0.4342523102266	-0.4342523102266	1
5900000	1	-0.538676525886527	-0.538676525886527	1
5910000	1	-0.562769717639631	-0.562769717639631	1
5920000	1	-0.480425089318329	-0.480425089318329	1
5930000	1	-0.694863273653973	-0.694863273653973	1
5940000	1	-0.615218359763435	-0.615218359763435	1
5950000	1	-0.285774089645691	-0.285774089645691	1
5960000	1	-0.545791591856159	-0.545791591856159	1
5970000	1	-0.650922871463877	-0.650922871463877	1
5980000	1	-0.76011451929835	-0.76011451929835	1
5990000	1	-0.584837710616732	-0.584837710616732	1
6e+06	1	-0.747486050536679	-0.747486050536679	1
6010000	1	-0.677764890552029	-0.677764890552029	1
6020000	1	-0.686020619502899	-0.6860206195029	1
6030000	1	-0.560661056130985	-0.560661056130985	1
6040000	1	-0.574549257886402	-0.574549257886403	1
6050000	1	-0.51431856010395	-0.51431856010395	1
6060000	1	-0.442505639355238	-0.442505639355238	1
6070000	1	-0.759554773626982	-0.759554773626982	1
6080000	1	-0.679069327516793	-0.679069327516792	1
6090000	1	-0.691669919151853	-0.691669919151853	1
6100000	1	-0.388474414645234	-0.388474414645235	1
6110000	1	-0.488836076016366	-0.488836076016366	1
6120000	1	-0.76566134913566	-0.76566134913566	1
6130000	1	-0.401456455816904	-0.401456455816904	1
6140000	1	0.0211593369706884	0.0211593369706884	1
6150000	1	-0.595205588800579	-0.595205588800579	1
6160000	1	-0.653696590153998	-0.653696590153998	1
6170000	1	-0.639673119550435	-0.639673119550435	1
6180000	1	-0.601620426933552	-0.601620426933552	1
6190000	1	-0.647639899594546	-0.647639899594546	1
6200000	1	-0.570621923963423	-0.570621923963423	1
6210000	1	-0.696233221235986	-0.696233221235986	1
6220000	1	-0.54403841004166	-0.54403841004166	1
6230000	1	-0.610122503943276	-0.610122503943276	1
6240000	1	-0.650137576923587	-0.650137576923587	1
6250000	1	-0.572696511380734	-0.572696511380734	1
6260000	1	-0.698625234382752	-0.698625234382752	1
6270000	1	-0.765366478706939	-0.765366478706939	1
6280000	1	-0.666494580546269	-0.666494580546269	1
6290000	1	-0.594412264001651	-0.594412264001651	1
6300000	1	-0.563051376900069	-0.563051376900069	1
6310000	1	-0.446052655382574	-0.446052655382574	1
6320000	1	-0.705260606513468	-0.705260606513468	1
6330000	1	-0.562392341003493	-0.562392341003493	1
6340000	1	-0.625030174171697	-0.625030174171697	1
6350000	1	-0.746000749191723	-0.746000749191723	1
6360000	1	-0.652608621868922	-0.652608621868922	1
6370000	1	-0.62833624669392	-0.62833624669392	1
6380000	1	-0.706659202431788	-0.706659202431788	1
6390000	1	-0.569537098177904	-0.569537098177904	1
6400000	1	-0.685855937888307	-0.685855937888308	1
6410000	1	-0.566362233020184	-0.566362233020184	1
6420000	1	-0.680842046787377	-0.680842046787377	1
6430000	1	-0.605991362258353	-0.605991362258353	1
6440000	1	-0.66379211291939	-0.66379211291939	1
6450000	1	-0.594037392763683	-0.594037392763683	1
6460000	1	-0.734851177182224	-0.734851177182224	1
6470000	1	-0.70989781807283	-0.70989781807283	1
6480000	1	-0.491212601551003	-0.491212601551003	1
6490000	1	-0.55156758539931	-0.55156758539931	1
6500000	1	-0.695577951601815	-0.695577951601815	1
6510000	1	-0.622208712513608	-0.622208712513608	1
6520000	1	-0.618554403184084	-0.618554403184084	1
6530000	1	-0.711984996052723	-0.711984996052723	1
6540000	1	-0.312383661905217	-0.312383661905217	1
6550000	1	-0.397799706528587	-0.397799706528587	1
6560000	1	-0.660255638196564	-0.660255638196564	1
6570000	1	-0.699706102831549	-0.69970610283155	1
6580000	1	-0.703634199684447	-0.703634199684447	1
6590000	1	-0.676031097316548	-0.676031097316548	1
6600000	1	-0.551390597733411	-0.551390597733411	1
6610000	1	-0.454174432703871	-0.454174432703871	1
6620000	1	-0.594896108679846	-0.594896108679846	1
6630000	1	-0.593079058004392	-0.593079058004392	1
6640000	1	-0.532840438911243	-0.532840438911243	1
6650000	1	-0.583373680757697	-0.583373680757697	1
6660000	1	-0.694747755515339	-0.694747755515339	1
6670000	1	-0.701166183969967	-0.701166183969967	1
6680000	1	-0.246441176430012	-0.246441176430012	1
6690000	1	-0.607010135142326	-0.607010135142326	1
6700000	1	-0.573129809523792	-0.573129809523792	1
6710000	1	-0.516740207306425	-0.516740207306425	1
6720000	1	-0.672162732064048	-0.672162732064048	1
6730000	1	-0.728364660905591	-0.728364660905591	1
6740000	1	-0.446399832979384	-0.446399832979384	1
6750000	1	-0.511273919986854	-0.511273919986854	1
6760000	1	-0.514145293599444	-0.514145293599444	1
6770000	1	-0.795748912168897	-0.795748912168897	1
6780000	1	-0.779558293973752	-0.779558293973752	1
6790000	1	-0.553034950869598	-0.553034950869598	1
6800000	1	-0.752940437237455	-0.752940437237455	1
6810000	1	-0.492564405315233	-0.492564405315233	1
6820000	1	-0.42328584099421	-0.42328584099421	1
6830000	1	-0.475894182122821	-0.475894182122821	1
6840000	1	-0.652508182385767	-0.652508182385767	1
6850000	1	-0.746069684324405	-0.746069684324405	1
6860000	1	-0.586522324254002	-0.586522324254002	1
6870000	1	-0.661367786356988	-0.661367786356988	1
6880000	1	-0.445427464882231	-0.445427464882231	1
6890000	1	-0.770407142487092	-0.770407142487092	1
6900000	1	-0.242792554182367	-0.242792554182367	1
6910000	1	-0.669009626558025	-0.669009626558025	1
6920000	1	-0.749773670431409	-0.749773670431409	1
6930000	1	-0.693818611584546	-0.693818611584546	1
6940000	1	-0.53355909181223	-0.53355909181223	1
6950000	1	-0.668907828317174	-0.668907828317174	1
6960000	1	-0.682460403859481	-0.682460403859481	1
6970000	1	-0.53542408254703	-0.53542408254703	1
6980000	1	-0.503984180484886	-0.503984180484885	1
6990000	1	-0.493642666692088	-0.493642666692087	1
7e+06	1	-0.72863130812806	-0.72863130812806	1
7010000	1	-0.647986150412691	-0.647986150412691	1
7020000	1	-0.48386089334114	-0.48386089334114	1
7030000	1	-0.521267972042694	-0.521267972042694	1
7040000	1	-0.642861220448978	-0.642861220448978	1
7050000	1	-0.706577073366613	-0.706577073366613	1
7060000	1	-0.736751788311226	-0.736751788311226	1
7070000	1	-0.683437975190822	-0.683437975190822	1
7080000	1	-0.52322457630421	-0.52322457630421	1
7090000	1	-0.649927684762117	-0.649927684762117	1
7100000	1	-0.502140995102582	-0.502140995102581	1
7110000	1	-0.711307634903398	-0.711307634903398	1
7120000	1	-0.580440369293995	-0.580440369293995	1
7130000	1	-0.543996454947319	-0.543996454947319	1
7140000	1	-0.513798657661673	-0.513798657661673	1
7150000	1	-0.459705557114177	-0.459705557114177	1
7160000	1	-0.340129853159814	-0.340129853159814	1
7170000	1	-0.641258093675867	-0.641258093675867	1
7180000	1	-0.688226438850623	-0.688226438850623	1
7190000	1	-0.601855771794867	-0.601855771794867	1
7200000	1	-0.637678502276521	-0.637678502276521	1
7210000	1	-0.48687139069031	-0.48687139069031	1
7220000	1	-0.635520189046129	-0.635520189046129	1
7230000	1	-0.508070265239599	-0.508070265239599	1
7240000	1	-0.60871006999775	-0.60871006999775	1
7250000	1	-0.674144472760487	-0.674144472760487	1
7260000	1	-0.624789833609894	-0.624789833609893	1
7270000	1	-0.632059759001073	-0.632059759001073	1
7280000	1	-0.4325681938417	-0.4325681938417	1
7290000	1	-0.663863489923763	-0.663863489923763	1
7300000	1	-0.580230723043228	-0.580230723043228	1
7310000	1	-0.438538898017259	-0.438538898017259	1
7320000	1	-0.421177385468439	-0.421177385468439	1
7330000	1	-0.409986155620616	-0.409986155620616	1
7340000	1	-0.602811433888407	-0.602811433888407	1
7350000	1	-0.631958124650176	-0.631958124650176	1
7360000	1	-0.683187903176326	-0.683187903176326	1
7370000	1	-0.78630404650058	-0.78630404650058	1
7380000	1	-0.468128747476874	-0.468128747476874	1
7390000	1	-0.357884119472307	-0.357884119472307	1
7400000	1	-0.549956631723174	-0.549956631723174	1
7410000	1	-0.671375447521564	-0.671375447521564	1
7420000	1	-0.834070680622572	-0.834070680622572	1
7430000	1	-0.638600676504492	-0.638600676504492	1
7440000	1	-0.501270495076166	-0.501270495076166	1
7450000	1	-0.509076653475053	-0.509076653475053	1
7460000	1	-0.697446370784631	-0.697446370784631	1
7470000	1	-0.597903843129079	-0.597903843129079	1
7480000	1	-0.438651341391162	-0.438651341391162	1
7490000	1	-0.610152544589422	-0.610152544589422	1
7500000	1	-0.70928506622464	-0.70928506622464	1
7510000	1	-0.519366305829853	-0.519366305829853	1
7520000	1	-0.5850178633776	-0.5850178633776	1
7530000	1	-0.56736805754131	-0.56736805754131	1
7540000	1	-0.530953772415794	-0.530953772415794	1
7550000	1	-0.443107620383496	-0.443107620383496	1
7560000	1	-0.507784989184754	-0.507784989184754	1
7570000	1	-0.494436067646119	-0.494436067646119	1
7580000	1	-0.661769154068372	-0.661769154068372	1
7590000	1	-0.633531184896972	-0.633531184896972	1
7600000	1	-0.712220170859534	-0.712220170859534	1
7610000	1	-0.70573790253297	-0.70573790253297	1
7620000	1	-0.701533743308436	-0.701533743308436	1
7630000	1	-0.532797835848265	-0.532797835848266	1
7640000	1	-0.513174337928514	-0.513174337928514	1
7650000	1	-0.573861577406012	-0.573861577406012	1
7660000	1	-0.693787872530013	-0.693787872530013	1
7670000	1	-0.689444940636918	-0.689444940636918	1
7680000	1	-0.439731871625501	-0.439731871625501	1
7690000	1	-0.61045656417161	-0.61045656417161	1
7700000	1	-0.755005976561194	-0.755005976561194	1
7710000	1	-0.619502054592602	-0.619502054592602	1
7720000	1	-0.574491328352696	-0.574491328352696	1
7730000	1	-0.516513182408765	-0.516513182408765	1
7740000	1	-0.605332011858119	-0.605332011858119	1
7750000	1	-0.634512185419583	-0.634512185419583	1
7760000	1	-0.604590548093431	-0.604590548093431	1
7770000	1	-0.67280641448716	-0.672806414487159	1
7780000	1	-0.460805839592374	-0.460805839592374	1
7790000	1	-0.69458429477324	-0.69458429477324	1
7800000	1	-0.723179799896203	-0.723179799896203	1
7810000	1	-0.469918665666694	-0.469918665666694	1
7820000	1	-0.604582941037693	-0.604582941037693	1
7830000	1	-0.357636103683531	-0.357636103683531	1
7840000	1	-0.754465661271299	-0.754465661271299	1
7850000	1	-0.601885287347647	-0.601885287347647	1
7860000	1	-0.556188203995289	-0.556188203995289	1
7870000	1	-0.625073556432632	-0.625073556432632	1
7880000	1	-0.430878846741815	-0.430878846741815	1
7890000	1	-0.667691612974436	-0.667691612974436	1
7900000	1	-0.662344950289188	-0.662344950289188	1
7910000	1	-0.575695905156335	-0.575695905156335	1
7920000	1	-0.390459839591283	-0.390459839591283	1
7930000	1	-0.530822267348469	-0.530822267348469	1
7940000	1	-0.551423056372544	-0.551423056372544	1
7950000	1	-0.772233791261123	-0.772233791261123	1
7960000	1	-0.490568816702688	-0.490568816702688	1
7970000	1	-0.76952493375597	-0.76952493375597	1
7980000	1	-0.672745159615138	-0.672745159615138	1
7990000	1	-0.773992813428067	-0.773992813428067	1
8e+06	1	-0.496384406363342	-0.496384406363342	1
8010000	1	-0.728087804423904	-0.728087804423904	1
8020000	1	-0.289407993257118	-0.289407993257118	1
8030000	1	-0.694545511381512	-0.694545511381512	1
8040000	1	-0.635643333435424	-0.635643333435424	1
8050000	1	-0.296895598700549	-0.296895598700549	1
8060000	1	-0.50638589753734	-0.50638589753734	1
8070000	1	-0.752144040148848	-0.752144040148849	1
8080000	1	-0.510233560788749	-0.510233560788749	1
8090000	1	-0.647957064860371	-0.647957064860371	1
8100000	1	-0.738833601648048	-0.738833601648048	1
8110000	1	-0.677036714244216	-0.677036714244216	1
8120000	1	-0.382761300947109	-0.382761300947109	1
8130000	1	-0.785311097683904	-0.785311097683904	1
8140000	1	-0.670011082016159	-0.670011082016159	1
8150000	1	-0.625021324484134	-0.625021324484134	1
8160000	1	-0.562216280867714	-0.562216280867714	1
8170000	1	-0.719931543676336	-0.719931543676336	1
8180000	1	-0.657298074589806	-0.657298074589806	1
8190000	1	-0.753600684292309	-0.753600684292309	1
8200000	1	-0.649344225113513	-0.649344225113513	1
8210000	1	-0.743263103949618	-0.743263103949618	1
8220000	1	-0.555017417383521	-0.55501741738352	1
8230000	1	-0.783495386014398	-0.783495386014398	1
8240000	1	-0.581523604262838	-0.581523604262838	1
8250000	1	-0.492438765077932	-0.492438765077932	1
8260000	1	-0.712632143920112	-0.712632143920112	1
8270000	1	-0.543821873737296	-0.543821873737296	1
8280000	1	-0.720408178889108	-0.720408178889108	1
8290000	1	-0.565825528963415	-0.565825528963415	1
8300000	1	-0.359838084973242	-0.359838084973242	1
8310000	1	-0.812410687928308	-0.812410687928308	1
8320000	1	-0.391470553718156	-0.391470553718156	1
8330000	1	-0.525427163886099	-0.525427163886099	1
8340000	1	-0.486427793479683	-0.486427793479683	1
8350000	1	-0.552258069362203	-0.552258069362203	1
8360000	1	-0.565836136145246	-0.565836136145246	1
8370000	1	-0.595215882735426	-0.595215882735426	1
8380000	1	-0.456702137013818	-0.456702137013818	1
8390000	1	-0.555806823002604	-0.555806823002604	1
8400000	1	-0.449540544755122	-0.449540544755122	1
8410000	1	-0.599609065386083	-0.599609065386083	1
8420000	1	-0.397796083055775	-0.397796083055775	1
8430000	1	-0.625738081094642	-0.625738081094642	1
8440000	1	-0.824151089215281	-0.824151089215281	1
8450000	1	-0.646125590663623	-0.646125590663623	1
8460000	1	-0.469975430634251	-0.469975430634251	1
8470000	1	-0.62711299714414	-0.62711299714414	1
8480000	1	-0.398683381197045	-0.398683381197045	1
8490000	1	-0.782159420740484	-0.782159420740484	1
8500000	1	-0.700929278390994	-0.700929278390994	1
8510000	1	-0.622548345708714	-0.622548345708714	1
8520000	1	-0.693126878058713	-0.693126878058713	1
8530000	1	-0.68272845719627	-0.68272845719627	1
8540000	1	-0.342287235357042	-0.342287235357042	1
8550000	1	-0.403894305786616	-0.403894305786616	1
8560000	1	-0.431897613585625	-0.431897613585625	1
8570000	1	-0.0931044439496388	-0.0931044439496388	1
8580000	1	-0.508557414189853	-0.508557414189853	1
8590000	1	-0.58118975296742	-0.58118975296742	1
8600000	1	-0.480324750959089	-0.480324750959089	1
8610000	1	-0.668041143844351	-0.668041143844351	1
8620000	1	-0.636039476683669	-0.636039476683669	1
8630000	1	-0.587997242841657	-0.587997242841657	1
8640000	1	-0.617380550798644	-0.617380550798644	1
8650000	1	-0.603771375379824	-0.603771375379824	1
8660000	1	-0.443899790136187	-0.443899790136187	1
8670000	1	-0.527720911006539	-0.527720911006539	1
8680000	1	-0.43838064838623	-0.43838064838623	1
8690000	1	-0.63614675025889	-0.63614675025889	1
8700000	1	-0.67879500737623	-0.67879500737623	1
8710000	1	-0.522858212448146	-0.522858212448146	1
8720000	1	-0.722468062581059	-0.722468062581059	1
8730000	1	-0.492095232079732	-0.492095232079732	1
8740000	1	-0.608731209261101	-0.608731209261101	1
8750000	1	-0.597992452040966	-0.597992452040966	1
8760000	1	-0.731112112608369	-0.731112112608369	1
8770000	1	-0.708285793186774	-0.708285793186774	1
8780000	1	-0.634393096026177	-0.634393096026177	1
8790000	1	-0.679343232465657	-0.679343232465657	1
8800000	1	-0.380969864859724	-0.380969864859724	1
8810000	1	-0.587437591690824	-0.587437591690824	1
8820000	1	-0.792006518446209	-0.792006518446209	1
8830000	1	-0.653454761518037	-0.653454761518037	1
8840000	1	-0.614600441204099	-0.614600441204099	1
8850000	1	-0.645785891691998	-0.645785891691997	1
8860000	1	-0.351639306935663	-0.351639306935663	1
8870000	1	-0.364414278958142	-0.364414278958142	1
8880000	1	-0.381434263023891	-0.381434263023891	1
8890000	1	-0.542122954908288	-0.542122954908288	1
8900000	1	-0.608870873933193	-0.608870873933193	1
8910000	1	-0.408129175528706	-0.408129175528706	1
8920000	1	-0.553001682080163	-0.553001682080163	1
8930000	1	-0.684874467757926	-0.684874467757927	1
8940000	1	-0.475858046663605	-0.475858046663605	1
8950000	1	-0.658955332604462	-0.658955332604462	1
8960000	1	-0.442266353154008	-0.442266353154007	1
8970000	1	-0.605377505808062	-0.605377505808062	1
8980000	1	-0.632656743766549	-0.63265674376655	1
8990000	1	-0.591054314706838	-0.591054314706838	1
9e+06	1	-0.582717331139085	-0.582717331139085	1
9010000	1	-0.51830006481289	-0.51830006481289	1
9020000	1	-0.557959260338193	-0.557959260338193	1
9030000	1	-0.644759625732248	-0.644759625732247	1
9040000	1	-0.296433829045038	-0.296433829045038	1
9050000	1	-0.75009623858325	-0.75009623858325	1
9060000	1	-0.734269555631066	-0.734269555631066	1
9070000	1	-0.6469382384233	-0.6469382384233	1
9080000	1	-0.631076034883854	-0.631076034883854	1
9090000	1	-0.486994626877889	-0.486994626877889	1
9100000	1	-0.80443004028413	-0.80443004028413	1
9110000	1	-0.322821221230589	-0.322821221230589	1
9120000	1	-0.508367439475278	-0.508367439475278	1
9130000	1	-0.545143203814371	-0.545143203814371	1
9140000	1	-0.693681795748286	-0.693681795748286	1
9150000	1	-0.654454230505238	-0.654454230505238	1
9160000	1	-0.772494941105157	-0.772494941105157	1
9170000	1	-0.543327171471613	-0.543327171471614	1
9180000	1	-0.772268172005136	-0.772268172005136	1
9190000	1	-0.736733321856373	-0.736733321856373	1
9200000	1	-0.45969593969702	-0.45969593969702	1
9210000	1	-0.595913091857649	-0.595913091857649	1
9220000	1	-0.592050531846274	-0.592050531846274	1
9230000	1	-0.671964133695887	-0.671964133695887	1
9240000	1	-0.358545823697748	-0.358545823697748	1
9250000	1	-0.687584948487647	-0.687584948487647	1
9260000	1	-0.617945353445588	-0.617945353445588	1
9270000	1	-0.477676091334305	-0.477676091334305	1
9280000	1	-0.572872283510777	-0.572872283510777	1
9290000	1	-0.550149838971924	-0.550149838971924	1
9300000	1	-0.752487326018573	-0.752487326018573	1
9310000	1	-0.650409791474029	-0.650409791474029	1
9320000	1	-0.693647761607336	-0.693647761607336	1
9330000	1	-0.541730988396884	-0.541730988396884	1
9340000	1	-0.38596615602243	-0.38596615602243	1
9350000	1	-0.500577193754284	-0.500577193754284	1
9360000	1	-0.868364798761575	-0.868364798761575	1
9370000	1	-0.697192435898196	-0.697192435898196	1
9380000	1	-0.604504369095227	-0.604504369095227	1
9390000	1	-0.756683545774754	-0.756683545774754	1
9400000	1	-0.6330232740232	-0.6330232740232	1
9410000	1	-0.717994105848253	-0.717994105848253	1
9420000	1	-0.848127159192625	-0.848127159192625	1
9430000	1	-0.551002526470949	-0.551002526470949	1
9440000	1	-0.624004815116532	-0.624004815116532	1
9450000	1	-0.727467141058502	-0.727467141058502	1
9460000	1	-0.553370563700552	-0.553370563700551	1
9470000	1	-0.683405486489343	-0.683405486489343	1
9480000	1	-0.684172862415525	-0.684172862415525	1
9490000	1	-0.605176504564381	-0.605176504564381	1
9500000	1	-0.730039677335424	-0.730039677335424	1
9510000	1	-0.424502541072566	-0.424502541072566	1
9520000	1	-0.611947782266496	-0.611947782266496	1
9530000	1	-0.37496278725458	-0.37496278725458	1
9540000	1	-0.491439485499724	-0.491439485499724	1
9550000	1	-0.689708757855897	-0.689708757855897	1
9560000	1	-0.73456024182389	-0.73456024182389	1
9570000	1	-0.640170938787124	-0.640170938787124	1
9580000	1	-0.448678251388393	-0.448678251388393	1
9590000	1	-0.481491574127959	-0.481491574127959	1
9600000	1	-0.559477555394953	-0.559477555394953	1
9610000	1	-0.585383544874013	-0.585383544874013	1
9620000	1	-0.506847195250514	-0.506847195250514	1
9630000	1	-0.621138684802934	-0.621138684802934	1
9640000	1	-0.76055057655101	-0.76055057655101	1
9650000	1	-0.631796434255366	-0.631796434255366	1
9660000	1	-0.236108157025763	-0.236108157025763	1
9670000	1	-0.47425049086154	-0.47425049086154	1
9680000	1	-0.541840478751294	-0.541840478751294	1
9690000	1	-0.402190983177413	-0.402190983177413	1
9700000	1	-0.765153232642631	-0.765153232642632	1
9710000	1	-0.650913519993915	-0.650913519993915	1
9720000	1	-0.663376436759414	-0.663376436759414	1
9730000	1	-0.558838305558781	-0.558838305558782	1
9740000	1	-0.452342901354744	-0.452342901354744	1
9750000	1	-0.674020394451726	-0.674020394451726	1
9760000	1	-0.573612325972291	-0.573612325972291	1
9770000	1	-0.757232850876712	-0.757232850876712	1
9780000	1	-0.6324087385784	-0.6324087385784	1
9790000	1	-0.533331527107291	-0.533331527107291	1
9800000	1	-0.538349049766972	-0.538349049766972	1
9810000	1	-0.624827659929314	-0.624827659929314	1
9820000	1	-0.609903397548312	-0.609903397548312	1
9830000	1	-0.577136167216587	-0.577136167216587	1
9840000	1	-0.566686829888208	-0.566686829888208	1
9850000	1	-0.583837864897019	-0.583837864897019	1
9860000	1	-0.635650961539362	-0.635650961539362	1
9870000	1	-0.740761070076	-0.740761070076	1
9880000	1	-0.557841007200256	-0.557841007200256	1
9890000	1	-0.657214552679333	-0.657214552679333	1
9900000	1	-0.695349642201892	-0.695349642201892	1
9910000	1	-0.664871139461656	-0.664871139461656	1
9920000	1	-0.643076825528138	-0.643076825528138	1
9930000	1	-0.554373433017452	-0.554373433017452	1
9940000	1	-0.654056711008064	-0.654056711008064	1
9950000	1	-0.673297328395981	-0.673297328395981	1
9960000	1	-0.629110933096983	-0.629110933096983	1
9970000	1	-0.647630639445524	-0.647630639445524	1
9980000	1	-0.551878432843377	-0.551878432843377	1
9990000	1	-0.335637400014225	-0.335637400014225	1
1e+07	1	-0.666919919856795	-0.666919919856795	1
10010000	1	-0.46741869278696	-0.46741869278696	1
10020000	1	-0.748910772534974	-0.748910772534974	1
10030000	1	-0.714475212590266	-0.714475212590266	1
10040000	1	-0.631808370714278	-0.631808370714278	1
10050000	1	-0.45014564867414	-0.45014564867414	1
10060000	1	-0.785557251123247	-0.785557251123247	1
10070000	1	-0.602206940940554	-0.602206940940554	1
10080000	1	-0.565089048594941	-0.565089048594941	1
10090000	1	-0.617311384423932	-0.617311384423932	1
10100000	1	-0.633096740063957	-0.633096740063957	1
10110000	1	-0.653273270681889	-0.653273270681889	1
10120000	1	-0.484761643936703	-0.484761643936703	1
10130000	1	-0.522125201328966	-0.522125201328966	1
10140000	1	-0.575425433604119	-0.575425433604119	1
10150000	1	-0.611411513563662	-0.611411513563662	1
10160000	1	-0.767329376921024	-0.767329376921024	1
10170000	1	-0.548491914743643	-0.548491914743643	1
10180000	1	-0.718171030850232	-0.718171030850232	1
10190000	1	-0.653062130248592	-0.653062130248592	1
10200000	1	-0.665997759490017	-0.665997759490017	1
10210000	1	-0.72308901007178	-0.72308901007178	1
10220000	1	-0.66973558691056	-0.66973558691056	1
10230000	1	-0.678675779180274	-0.678675779180274	1
10240000	1	-0.657690268036431	-0.657690268036431	1
10250000	1	-0.531002798037677	-0.531002798037677	1
10260000	1	-0.41068747038709	-0.41068747038709	1
10270000	1	-0.587618220955539	-0.587618220955539	1
10280000	1	-0.790635849294576	-0.790635849294576	1
10290000	1	-0.637024676638902	-0.637024676638902	1
10300000	1	-0.701345300081268	-0.701345300081268	1
10310000	1	-0.498651683474213	-0.498651683474213	1
10320000	1	-0.444518900712609	-0.444518900712609	1
10330000	1	-0.546191144261853	-0.546191144261853	1
10340000	1	-0.509830938235062	-0.509830938235063	1
10350000	1	-0.628372119434526	-0.628372119434526	1
10360000	1	-0.599397130349977	-0.599397130349977	1
10370000	1	-0.477178992640588	-0.477178992640588	1
10380000	1	-0.61571538040986	-0.61571538040986	1
10390000	1	-0.703753999256866	-0.703753999256866	1
10400000	1	-0.652406719091537	-0.652406719091537	1
10410000	1	-0.649651683645547	-0.649651683645547	1
10420000	1	-0.631725489965194	-0.631725489965194	1
10430000	1	-0.755371744223782	-0.755371744223782	1
10440000	1	-0.612977392253932	-0.612977392253932	1
10450000	1	-0.626915489732361	-0.626915489732361	1
10460000	1	-0.396239769456569	-0.396239769456569	1
10470000	1	-0.653403289047296	-0.653403289047296	1
10480000	1	-0.61713438072949	-0.61713438072949	1
10490000	1	-0.512316143345453	-0.512316143345453	1
10500000	1	-0.60069468716785	-0.60069468716785	1
10510000	1	-0.550863117657809	-0.550863117657809	1
10520000	1	-0.553969628776595	-0.553969628776595	1
10530000	1	-0.565970227118558	-0.565970227118558	1
10540000	1	-0.554437554072618	-0.554437554072618	1
10550000	1	-0.579505959165719	-0.579505959165719	1
10560000	1	-0.628258399948583	-0.628258399948583	1
10570000	1	-0.369715726388988	-0.369715726388988	1
10580000	1	-0.53363944999215	-0.53363944999215	1
10590000	1	-0.525143397337704	-0.525143397337704	1
10600000	1	-0.667054819777697	-0.667054819777697	1
10610000	1	-0.672367520915628	-0.672367520915628	1
10620000	1	-0.382241190470571	-0.382241190470571	1
10630000	1	-0.696261331962494	-0.696261331962494	1
10640000	1	-0.766912980622902	-0.766912980622902	1
10650000	1	-0.60806960288167	-0.60806960288167	1
10660000	1	-0.720150856546065	-0.720150856546065	1
10670000	1	-0.603979111315292	-0.603979111315292	1
10680000	1	-0.708790433170535	-0.708790433170535	1
10690000	1	-0.824813984119388	-0.824813984119388	1
10700000	1	-0.717346832349532	-0.717346832349532	1
10710000	1	-0.504429472105398	-0.504429472105398	1
10720000	1	-0.716612341894095	-0.716612341894095	1
10730000	1	-0.4167355197749	-0.4167355197749	1
10740000	1	-0.746634566289592	-0.746634566289592	1
10750000	1	-0.608275285135222	-0.608275285135222	1
10760000	1	-0.546529666558904	-0.546529666558904	1
10770000	1	-0.508552162986846	-0.508552162986846	1
10780000	1	-0.735305491385817	-0.735305491385817	1
10790000	1	-0.357515922247134	-0.357515922247134	1
10800000	1	-0.533241037592335	-0.533241037592335	1
10810000	1	-0.571107303080817	-0.571107303080817	1
10820000	1	-0.534450344111344	-0.534450344111344	1
10830000	1	-0.548780497607176	-0.548780497607176	1
10840000	1	-0.479475394672606	-0.479475394672606	1
10850000	1	-0.496848941529665	-0.496848941529665	1
10860000	1	-0.548671723169263	-0.548671723169263	1
10870000	1	-0.588190749468893	-0.588190749468894	1
10880000	1	-0.546369168287531	-0.546369168287531	1
10890000	1	-0.700209872935022	-0.700209872935022	1
10900000	1	-0.547790195286178	-0.547790195286178	1
10910000	1	-0.701346196615197	-0.701346196615197	1
10920000	1	-0.459243491567984	-0.459243491567984	1
10930000	1	-0.652671563032492	-0.652671563032492	1
10940000	1	-0.332841820133597	-0.332841820133597	1
10950000	1	-0.595196326501824	-0.595196326501825	1
10960000	1	-0.67453982889719	-0.67453982889719	1
10970000	1	-0.274916451092296	-0.274916451092297	1
10980000	1	-0.60932303837608	-0.609323038376081	1
10990000	1	-0.525088222844706	-0.525088222844706	1
1.1e+07	1	-0.709937882476851	-0.709937882476851	1
11010000	1	-0.761794659852961	-0.76179465985296	1
11020000	1	-0.574831336326143	-0.574831336326143	1
11030000	1	-0.508688946590191	-0.508688946590191	1
11040000	1	-0.626172157172437	-0.626172157172437	1
11050000	1	-0.582104508870808	-0.582104508870808	1
11060000	1	-0.714274567626604	-0.714274567626604	1
11070000	1	-0.648843324523003	-0.648843324523003	1
11080000	1	-0.460418780569978	-0.460418780569978	1
11090000	1	-0.67272643197521	-0.67272643197521	1
11100000	1	-0.541732157911292	-0.541732157911292	1
11110000	1	-0.676439856707264	-0.676439856707264	1
11120000	1	-0.714206495693097	-0.714206495693097	1
11130000	1	-0.62687742153134	-0.62687742153134	1
11140000	1	-0.429807364286124	-0.429807364286124	1
11150000	1	-0.587281319385509	-0.587281319385509	1
11160000	1	-0.561832613555583	-0.561832613555583	1
11170000	1	-0.41910349557286	-0.41910349557286	1
11180000	1	-0.704855695743637	-0.704855695743637	1
11190000	1	-0.691043023822598	-0.691043023822598	1
11200000	1	-0.597947903554186	-0.597947903554186	1
11210000	1	-0.544798874026712	-0.544798874026712	1
11220000	1	-0.707285147802988	-0.707285147802988	1
11230000	1	-0.659438557277686	-0.659438557277686	1
11240000	1	-0.610817798588496	-0.610817798588496	1
11250000	1	-0.608586323126941	-0.608586323126941	1
11260000	1	-0.560677285041699	-0.560677285041699	1
11270000	1	-0.639596777105703	-0.639596777105703	1
11280000	1	-0.53245740735977	-0.53245740735977	1
11290000	1	-0.615488349582181	-0.615488349582181	1
11300000	1	-0.612344498532908	-0.612344498532908	1
11310000	1	-0.701291583965506	-0.701291583965506	1
11320000	1	-0.75636487644199	-0.756364876441991	1
11330000	1	-0.209111342720963	-0.209111342720963	1
11340000	1	-0.467298768889619	-0.467298768889619	1
11350000	1	-0.780104924534205	-0.780104924534205	1
11360000	1	-0.619046111966267	-0.619046111966267	1
11370000	1	-0.483808085850906	-0.483808085850906	1
11380000	1	-0.669058873194158	-0.669058873194158	1
11390000	1	-0.356395431106468	-0.356395431106468	1
11400000	1	-0.530581921134064	-0.530581921134064	1
11410000	1	-0.563686648362962	-0.563686648362962	1
11420000	1	-0.631390665073567	-0.631390665073567	1
11430000	1	-0.618405799599718	-0.618405799599718	1
11440000	1	-0.608781009903054	-0.608781009903054	1
11450000	1	-0.615046110256032	-0.615046110256032	1
11460000	1	-0.776535394588296	-0.776535394588296	1
11470000	1	-0.445678293620734	-0.445678293620734	1
11480000	1	-0.595967736154542	-0.595967736154542	1
11490000	1	-0.625085882582199	-0.625085882582199	1
11500000	1	-0.49947193347994	-0.49947193347994	1
11510000	1	-0.610590460979606	-0.610590460979606	1
11520000	1	-0.6024167036157	-0.6024167036157	1
11530000	1	-0.493565895744781	-0.493565895744781	1
11540000	1	-0.595344789614056	-0.595344789614056	1
11550000	1	-0.533955976125336	-0.533955976125336	1
11560000	1	-0.694782135415803	-0.694782135415803	1
11570000	1	-0.609740850941548	-0.609740850941548	1
11580000	1	-0.571389869547037	-0.571389869547037	1
11590000	1	-0.800352713630576	-0.800352713630577	1
11600000	1	-0.415371886731807	-0.415371886731807	1
11610000	1	-0.622276016707185	-0.622276016707185	1
11620000	1	-0.759915901409457	-0.759915901409457	1
11630000	1	-0.530046041238891	-0.530046041238891	1
11640000	1	-0.695028989253858	-0.695028989253858	1
11650000	1	-0.719054183128911	-0.719054183128911	1
11660000	1	-0.68642570582624	-0.68642570582624	1
11670000	1	-0.652734377784044	-0.652734377784044	1
11680000	1	-0.534070984031755	-0.534070984031755	1
11690000	1	-0.706158550978017	-0.706158550978017	1
11700000	1	-0.424286543640181	-0.424286543640181	1
11710000	1	-0.708720547648172	-0.708720547648172	1
11720000	1	-0.592682005019931	-0.592682005019931	1
11730000	1	-0.578640699829088	-0.578640699829088	1
11740000	1	-0.564465560744785	-0.564465560744785	1
11750000	1	-0.449983004484913	-0.449983004484913	1
11760000	1	-0.664771670537933	-0.664771670537933	1
11770000	1	-0.64130069106234	-0.64130069106234	1
11780000	1	-0.604391777919816	-0.604391777919816	1
11790000	1	-0.253790373336046	-0.253790373336046	1
11800000	1	-0.255960353034812	-0.255960353034812	1
11810000	1	-0.557402776727993	-0.557402776727993	1
11820000	1	-0.721558060855871	-0.721558060855871	1
11830000	1	-0.577958847106047	-0.577958847106047	1
11840000	1	-0.622949717314492	-0.622949717314492	1
11850000	1	-0.329933270456795	-0.329933270456795	1
11860000	1	-0.555984153830706	-0.555984153830706	1
11870000	1	-0.709513322481398	-0.709513322481398	1
11880000	1	-0.566525699594398	-0.566525699594398	1
11890000	1	-0.600879420028409	-0.600879420028409	1
11900000	1	-0.581780833165062	-0.581780833165062	1
11910000	1	-0.455190075181504	-0.455190075181504	1
11920000	1	-0.573685457382049	-0.573685457382049	1
11930000	1	-0.704116473119002	-0.704116473119002	1
11940000	1	-0.639230074693949	-0.639230074693949	1
11950000	1	-0.7230436353252	-0.7230436353252	1
11960000	1	-0.673107846549525	-0.673107846549525	1
11970000	1	-0.52142584947648	-0.52142584947648	1
11980000	1	-0.437852952285335	-0.437852952285335	1
11990000	1	-0.685076233617333	-0.685076233617333	1
1.2e+07	1	-0.530608138604522	-0.530608138604522	1
12010000	1	-0.634215589201362	-0.634215589201362	1
12020000	1	-0.508190786885746	-0.508190786885746	1
12030000	1	-0.539038330593133	-0.539038330593133	1
12040000	1	-0.709710841527803	-0.709710841527803	1
12050000	1	-0.724522374193697	-0.724522374193697	1
12060000	1	-0.507920218815908	-0.507920218815909	1
12070000	1	-0.52987501921848	-0.529875019218481	1
12080000	1	-0.692542351059187	-0.692542351059187	1
12090000	1	-0.385742577007431	-0.385742577007431	1
12100000	1	-0.682948800548934	-0.682948800548934	1
12110000	1	-0.451754895255386	-0.451754895255386	1
12120000	1	-0.618346542561951	-0.618346542561951	1
12130000	1	-0.694532374583349	-0.694532374583349	1
12140000	1	-0.415175825675407	-0.415175825675407	1
12150000	1	-0.442524190899068	-0.442524190899068	1
12160000	1	-0.183567673270075	-0.183567673270075	1
12170000	1	-0.643827950562282	-0.643827950562282	1
12180000	1	-0.574890545918587	-0.574890545918587	1
12190000	1	-0.555789396397818	-0.555789396397818	1
12200000	1	-0.683679011425092	-0.683679011425092	1
12210000	1	-0.68833412211361	-0.68833412211361	1
12220000	1	-0.468119326313418	-0.468119326313418	1
12230000	1	-0.570158373006205	-0.570158373006206	1
12240000	1	-0.623732482101494	-0.623732482101494	1
12250000	1	-0.687938546746067	-0.687938546746067	1
12260000	1	-0.138499019159148	-0.138499019159148	1
12270000	1	-0.626942908037472	-0.626942908037472	1
12280000	1	-0.518392553195666	-0.518392553195666	1
12290000	1	-0.764644309681518	-0.764644309681518	1
12300000	1	-0.386468258406448	-0.386468258406448	1
12310000	1	-0.662355036333542	-0.662355036333542	1
12320000	1	-0.662024229024961	-0.662024229024961	1
12330000	1	-0.725968422931788	-0.725968422931788	1
12340000	1	-0.590716737566458	-0.590716737566458	1
12350000	1	-0.883347961509664	-0.883347961509664	1
12360000	1	-0.396873052801259	-0.396873052801259	1
12370000	1	-0.623560028148411	-0.623560028148411	1
12380000	1	-0.511668106957165	-0.511668106957165	1
12390000	1	-0.646568701191967	-0.646568701191967	1
12400000	1	-0.683059110121201	-0.683059110121201	1
12410000	1	-0.638207640160801	-0.638207640160801	1
12420000	1	-0.152281335532666	-0.152281335532666	1
12430000	1	-0.633946315915208	-0.633946315915208	1
12440000	1	-0.500709249964794	-0.500709249964794	1
12450000	1	-0.461811958626761	-0.461811958626761	1
12460000	1	-0.520987185140097	-0.520987185140097	1
12470000	1	-0.692037160613004	-0.692037160613004	1
12480000	1	-0.559737753295976	-0.559737753295976	1
12490000	1	-0.416395339614782	-0.416395339614782	1
12500000	1	-0.661840827507	-0.661840827507	1
12510000	1	-0.766321891415346	-0.766321891415346	1
12520000	1	-0.527563625284223	-0.527563625284223	1
12530000	1	-0.391927372186017	-0.391927372186017	1
12540000	1	-0.718600255618669	-0.718600255618669	1
12550000	1	-0.601193897873996	-0.601193897873996	1
12560000	1	-0.279960656875084	-0.279960656875084	1
12570000	1	-0.730792301608102	-0.730792301608102	1
12580000	1	-0.451071947431578	-0.451071947431578	1
12590000	1	-0.670641152804525	-0.670641152804525	1
12600000	1	-0.382882327535724	-0.382882327535724	1
12610000	1	-0.67273311314357	-0.67273311314357	1
12620000	1	-0.58857839470476	-0.58857839470476	1
12630000	1	-0.714889384155008	-0.714889384155008	1
12640000	1	-0.630608543074274	-0.630608543074273	1
12650000	1	-0.305784975648431	-0.305784975648431	1
12660000	1	-0.510057677815725	-0.510057677815725	1
12670000	1	-0.563612603802261	-0.563612603802261	1
12680000	1	-0.815583770183327	-0.815583770183327	1
12690000	1	-0.527176887290939	-0.52717688729094	1
12700000	1	-0.443211180064684	-0.443211180064684	1
12710000	1	-0.753359422765808	-0.753359422765808	1
12720000	1	-0.447857230906918	-0.447857230906918	1
12730000	1	-0.694288129432678	-0.694288129432678	1
12740000	1	-0.525945516655148	-0.525945516655148	1
12750000	1	-0.668224869657115	-0.668224869657115	1
12760000	1	-0.717633407228732	-0.717633407228732	1
12770000	1	-0.668425188877611	-0.668425188877611	1
12780000	1	-0.770266709208067	-0.770266709208067	1
12790000	1	-0.512155459486017	-0.512155459486016	1
12800000	1	-0.460231140194418	-0.460231140194418	1
12810000	1	-0.571465657307614	-0.571465657307614	1
12820000	1	-0.387679256001821	-0.387679256001821	1
12830000	1	-0.641829301249742	-0.641829301249742	1
12840000	1	-0.557079703735718	-0.557079703735719	1
12850000	1	-0.45883806012252	-0.45883806012252	1
12860000	1	-0.542476435614474	-0.542476435614474	1
12870000	1	-0.798297126584531	-0.798297126584531	1
12880000	1	-0.543889449033788	-0.543889449033788	1
12890000	1	-0.621469027115044	-0.621469027115044	1
12900000	1	-0.496281845470743	-0.496281845470743	1
12910000	1	-0.453334189817946	-0.453334189817946	1
12920000	1	-0.652274035379325	-0.652274035379325	1
12930000	1	-0.686568634022475	-0.686568634022475	1
12940000	1	-0.591336400459118	-0.591336400459118	1
12950000	1	-0.485838562846189	-0.485838562846189	1
12960000	1	-0.679097779769364	-0.679097779769364	1
12970000	1	-0.560299134681454	-0.560299134681454	1
12980000	1	-0.584056111260543	-0.584056111260543	1
12990000	1	-0.574589097141076	-0.574589097141076	1
1.3e+07	1	-0.477175385682684	-0.477175385682684	1
13010000	1	-0.63200716164759	-0.63200716164759	1
13020000	1	-0.539088510377664	-0.539088510377664	1
13030000	1	-0.769284752765002	-0.769284752765002	1
13040000	1	-0.563447452978839	-0.563447452978838	1
13050000	1	-0.708542538063646	-0.708542538063646	1
13060000	1	-0.575087634625055	-0.575087634625055	1
13070000	1	-0.687902387498476	-0.687902387498476	1
13080000	1	-0.680113952766363	-0.680113952766363	1
13090000	1	-0.745529310530448	-0.745529310530448	1
13100000	1	-0.422245200462445	-0.422245200462445	1
13110000	1	-0.625723659996861	-0.625723659996861	1
13120000	1	-0.343671215300117	-0.343671215300117	1
13130000	1	-0.63493603773379	-0.63493603773379	1
13140000	1	-0.64573830038072	-0.645738300380719	1
13150000	1	-0.656465292392426	-0.656465292392426	1
13160000	1	-0.682104334900804	-0.682104334900803	1
13170000	1	-0.666527839180704	-0.666527839180704	1
13180000	1	-0.639404187931582	-0.639404187931581	1
13190000	1	-0.552823875528551	-0.552823875528551	1
13200000	1	-0.564430095609681	-0.564430095609681	1
13210000	1	-0.71443676087224	-0.71443676087224	1
13220000	1	-0.557805900939882	-0.557805900939882	1
13230000	1	-0.560995737033401	-0.560995737033401	1
13240000	1	-0.629449503376688	-0.629449503376688	1
13250000	1	-0.682931484219043	-0.682931484219043	1
13260000	1	-0.33449175414569	-0.33449175414569	1
13270000	1	-0.782980016601703	-0.782980016601704	1
13280000	1	-0.563893611124214	-0.563893611124214	1
13290000	1	-0.716992892374187	-0.716992892374187	1
13300000	1	-0.556639055085131	-0.556639055085131	1
13310000	1	-0.559053241694748	-0.559053241694748	1
13320000	1	-0.392058445117676	-0.392058445117676	1
13330000	1	-0.404586106994498	-0.404586106994498	1
13340000	1	-0.543761249193218	-0.543761249193218	1
13350000	1	-0.628421940124028	-0.628421940124028	1
13360000	1	-0.568063418695504	-0.568063418695504	1
13370000	1	-0.60499443438702	-0.60499443438702	1
13380000	1	-0.68693424358175	-0.68693424358175	1
13390000	1	-0.593385495789059	-0.593385495789059	1
13400000	1	-0.560128879960447	-0.560128879960447	1
13410000	1	-0.620134657546795	-0.620134657546795	1
13420000	1	-0.438469438967679	-0.438469438967679	1
13430000	1	-0.719641713262838	-0.719641713262838	1
13440000	1	-0.487928127078244	-0.487928127078244	1
13450000	1	-0.532224888142711	-0.532224888142711	1
13460000	1	-0.501367561220289	-0.501367561220289	1
13470000	1	-0.743926511681847	-0.743926511681847	1
13480000	1	-0.466730798649747	-0.466730798649747	1
13490000	1	-0.768339337824859	-0.768339337824859	1
13500000	1	-0.649462927058041	-0.64946292705804	1
13510000	1	-0.545173758881388	-0.545173758881388	1
13520000	1	-0.557805641876053	-0.557805641876053	1
13530000	1	-0.635439293008115	-0.635439293008115	1
13540000	1	-0.695726889802248	-0.695726889802248	1
13550000	1	-0.62759843022757	-0.62759843022757	1
13560000	1	-0.636294693501326	-0.636294693501326	1
13570000	1	-0.605819854271008	-0.605819854271008	1
13580000	1	-0.618057675580066	-0.618057675580066	1
13590000	1	-0.61597800326366	-0.61597800326366	1
13600000	1	-0.3576529387741	-0.3576529387741	1
13610000	1	-0.590815887058976	-0.590815887058976	1
13620000	1	-0.5898452104787	-0.5898452104787	1
13630000	1	-0.220507282706605	-0.220507282706605	1
13640000	1	-0.523736989473649	-0.523736989473649	1
13650000	1	-0.372191078013595	-0.372191078013595	1
13660000	1	-0.748827347880616	-0.748827347880616	1
13670000	1	-0.533013988580614	-0.533013988580614	1
13680000	1	-0.64932056019732	-0.64932056019732	1
13690000	1	-0.541520601350144	-0.541520601350144	1
13700000	1	-0.603346733901715	-0.603346733901715	1
13710000	1	-0.64718750146066	-0.64718750146066	1
13720000	1	-0.724930308752835	-0.724930308752835	1
13730000	1	-0.458322484874914	-0.458322484874915	1
13740000	1	-0.63661398613255	-0.63661398613255	1
13750000	1	-0.735766566774525	-0.735766566774525	1
13760000	1	-0.649140936398191	-0.649140936398191	1
13770000	1	-0.463893385493222	-0.463893385493222	1
13780000	1	-0.567928900100174	-0.567928900100174	1
13790000	1	-0.530560574171954	-0.530560574171954	1
13800000	1	-0.493540968277014	-0.493540968277014	1
13810000	1	-0.446993223420382	-0.446993223420382	1
13820000	1	-0.29489169722721	-0.29489169722721	1
13830000	1	-0.646145522084572	-0.646145522084572	1
13840000	1	-0.513407177463154	-0.513407177463154	1
13850000	1	-0.63511248047851	-0.63511248047851	1
13860000	1	-0.458808391683977	-0.458808391683976	1
13870000	1	-0.561021612572541	-0.561021612572541	1
13880000	1	-0.81726826951661	-0.81726826951661	1
13890000	1	-0.809481227925818	-0.809481227925818	1
13900000	1	-0.618841290494744	-0.618841290494744	1
13910000	1	-0.320924903888144	-0.320924903888144	1
13920000	1	-0.623010296338555	-0.623010296338555	1
